// Jest Snapshot v1, https://goo.gl/fbAQLP

exports[`components/DownloadButton.js Should renders the download button correctly 1`] = `
<View
  accessible={true}
  focusable={true}
  onClick={[Function]}
  onResponderGrant={[Function]}
  onResponderMove={[Function]}
  onResponderRelease={[Function]}
  onResponderTerminate={[Function]}
  onResponderTerminationRequest={[Function]}
  onStartShouldSetResponder={[Function]}
  style={
    Object {
      "opacity": 1,
    }
  }
>
  <Text
    allowFontScaling={false}
    style={
      Array [
        Object {
          "color": "#CACAAA",
          "fontSize": 30,
        },
        undefined,
        Object {
          "fontFamily": "FontAwesome5Free-Solid",
          "fontStyle": "normal",
          "fontWeight": "normal",
        },
        Object {
          "fontWeight": "900",
        },
      ]
    }
  >
    ï€™
  </Text>
</View>
`;
