// Jest Snapshot v1, https://goo.gl/fbAQLP

exports[`screens/Dog.js Should renders the dog screen correctly 1`] = `
<View
  style={
    Object {
      "backgroundColor": "#FFFFFF",
      "flex": 1,
      "padding": 20,
    }
  }
>
  <View
    style={
      Object {
        "backgroundColor": "#CACAAA",
        "borderColor": "#C8AB83",
        "borderRadius": 4,
        "borderWidth": 4,
        "flex": 1,
      }
    }
  >
    <Image
      resizeMode="cover"
      source={
        Object {
          "uri": "",
        }
      }
      style={
        Object {
          "borderRadius": 4,
          "height": "100%",
        }
      }
    />
  </View>
  <View
    style={
      Object {
        "flexDirection": "row",
        "marginTop": 10,
      }
    }
  >
    <View
      style={
        Object {
          "marginRight": 10,
        }
      }
    >
      <Text
        accessible={true}
        allowFontScaling={false}
        focusable={true}
        onClick={[Function]}
        onResponderGrant={[Function]}
        onResponderMove={[Function]}
        onResponderRelease={[Function]}
        onResponderTerminate={[Function]}
        onResponderTerminationRequest={[Function]}
        onStartShouldSetResponder={[Function]}
        style={
          Array [
            Object {
              "color": "#EEC584",
              "fontSize": 30,
            },
            undefined,
            Object {
              "fontFamily": "FontAwesome5Free-Regular",
              "fontStyle": "normal",
              "fontWeight": "normal",
            },
            Object {
              "fontWeight": "400",
            },
          ]
        }
      >
        
      </Text>
    </View>
    <View
      style={
        Object {
          "marginRight": 10,
        }
      }
    >
      <View
        accessible={true}
        focusable={true}
        onClick={[Function]}
        onResponderGrant={[Function]}
        onResponderMove={[Function]}
        onResponderRelease={[Function]}
        onResponderTerminate={[Function]}
        onResponderTerminationRequest={[Function]}
        onStartShouldSetResponder={[Function]}
        style={
          Object {
            "opacity": 1,
          }
        }
      >
        <Text
          allowFontScaling={false}
          style={
            Array [
              Object {
                "color": "#CACAAA",
                "fontSize": 30,
              },
              undefined,
              Object {
                "fontFamily": "FontAwesome5Free-Solid",
                "fontStyle": "normal",
                "fontWeight": "normal",
              },
              Object {
                "fontWeight": "900",
              },
            ]
          }
        >
          
        </Text>
      </View>
    </View>
  </View>
</View>
`;
