// Jest Snapshot v1, https://goo.gl/fbAQLP

exports[`App.js Should renders the app correctly 1`] = `null`;
